\BOOKMARK [1][-]{section.1}{\376\377\000O\000v\000e\000r\000v\000i\000e\000w}{}% 1
\BOOKMARK [2][-]{subsection.1.1}{\376\377\000W\000h\000a\000t\000\040\000H\000a\000s\000\040\000B\000e\000e\000n\000\040\000R\000e\000s\000o\000l\000v\000e\000d}{section.1}% 2
\BOOKMARK [1][-]{section.2}{\376\377\000F\000A\000T\000A\000L\000\040\000I\000s\000s\000u\000e\000s}{}% 3
\BOOKMARK [2][-]{subsection.2.1}{\376\377\000F\000A\000T\000A\000L\000\040\000[\000F\0001\000]\000\040\000F\000o\000u\000n\000d\000a\000t\000i\000o\000n\000\040\000c\000o\000n\000n\000e\000c\000t\000i\000o\000n\000\040\040\024\000\040\000s\000u\000b\000s\000t\000a\000n\000t\000i\000a\000l\000l\000y\000\040\000a\000d\000d\000r\000e\000s\000s\000e\000d\000,\000\040\000f\000o\000u\000r\000\040\000g\000a\000p\000s\000\040\000r\000e\000m\000a\000i\000n}{section.2}% 4
\BOOKMARK [3][-]{subsubsection.2.1.1}{\376\377\000G\000a\000p\000\040\0001\000\040\040\024\000\040\000D\000e\000g\000r\000e\000e\000-\0002\000\040\000n\000o\000t\000\040\000y\000e\000t\000\040\000p\000r\000o\000v\000e\000n}{subsection.2.1}% 5
\BOOKMARK [3][-]{subsubsection.2.1.2}{\376\377\000G\000a\000p\000\040\0002\000\040\040\024\000\040\000M\000a\000t\000h\000e\000m\000a\000t\000i\000c\000a\000l\000\040\000c\000o\000n\000s\000t\000r\000u\000c\000t\000i\000o\000n\000\040\000o\000f\000\040\000N\000\040\000f\000r\000o\000m\000\040\000c\000\040\000n\000o\000t\000\040\000s\000p\000e\000c\000i\000f\000i\000e\000d}{subsection.2.1}% 6
\BOOKMARK [3][-]{subsubsection.2.1.3}{\376\377\000G\000a\000p\000\040\0003\000\040\040\024\000\040\000C\000o\000m\000p\000l\000e\000x\000\040\000N\000\040\000h\000a\000s\000\040\000n\000o\000\040\000s\000o\000u\000r\000c\000e}{subsection.2.1}% 7
\BOOKMARK [3][-]{subsubsection.2.1.4}{\376\377\000G\000a\000p\000\040\0004\000\040\040\024\000\040\000F\000r\000u\000s\000t\000r\000a\000t\000e\000d\000\040\000t\000r\000i\000a\000n\000g\000l\000e\000\040\000g\000r\000o\000u\000n\000d\000\040\000s\000t\000a\000t\000e\000\040\000n\000o\000t\000\040\000w\000o\000r\000k\000e\000d\000\040\000o\000u\000t}{subsection.2.1}% 8
\BOOKMARK [2][-]{subsection.2.2}{\376\377\000R\000E\000S\000O\000L\000V\000E\000D\000\040\000[\000F\0002\000]\000\040\000"\000F\000r\000o\000m\000\040\000F\000i\000r\000s\000t\000\040\000P\000r\000i\000n\000c\000i\000p\000l\000e\000s\000"\000\040\000o\000n\000\040\000D\000o\000c\000\040\0002\000\040\000t\000i\000t\000l\000e\000\040\000p\000a\000g\000e}{section.2}% 9
\BOOKMARK [1][-]{section.3}{\376\377\000S\000E\000V\000E\000R\000E\000\040\000I\000s\000s\000u\000e\000s}{}% 10
\BOOKMARK [2][-]{subsection.3.1}{\376\377\000S\000E\000V\000E\000R\000E\000\040\000[\000S\0001\000]\000\040\000G\000\040\000a\000n\000d\000\040\000m\000\137\000p\000\040\000v\000a\000r\000i\000a\000t\000i\000o\000n\000\040\000r\000a\000t\000e\000s\000\040\000a\000p\000p\000e\000a\000r\000\040\000o\000b\000s\000e\000r\000v\000a\000t\000i\000o\000n\000a\000l\000l\000y\000\040\000r\000u\000l\000e\000d\000\040\000o\000u\000t}{section.3}% 11
\BOOKMARK [3][-]{subsubsection.3.1.1}{\376\377\000A\000c\000t\000i\000o\000n\000\040\000s\000t\000e\000p\000s}{subsection.3.1}% 12
\BOOKMARK [2][-]{subsection.3.2}{\376\377\000S\000E\000V\000E\000R\000E\000\040\000[\000S\0002\000]\000\040\000F\000e\000r\000m\000i\000o\000n\000i\000c\000\040\000s\000t\000a\000t\000i\000s\000t\000i\000c\000s\000\040\000n\000o\000t\000\040\000p\000r\000o\000d\000u\000c\000e\000d\000\040\000b\000y\000\040\000t\000h\000e\000\040\000b\000o\000s\000o\000n\000i\000c\000\040\000L\000a\000g\000r\000a\000n\000g\000i\000a\000n}{section.3}% 13
\BOOKMARK [3][-]{subsubsection.3.2.1}{\376\377\000A\000c\000t\000i\000o\000n\000\040\000s\000t\000e\000p\000s}{subsection.3.2}% 14
\BOOKMARK [2][-]{subsection.3.3}{\376\377\000S\000E\000V\000E\000R\000E\000\040\000[\000S\0003\000]\000\040\000T\000h\000e\000\040\000e\000n\000e\000r\000g\000y\000\040\000f\000o\000r\000m\000u\000l\000a\000\040\000E\000\050\000n\000,\000k\000\051\000\040\000=\000\040\003\265\000\267\000k\000\267\000n\000\040\000i\000s\000\040\000n\000o\000t\000\040\000f\000u\000l\000l\000y\000\040\000d\000e\000r\000i\000v\000e\000d}{section.3}% 15
\BOOKMARK [3][-]{subsubsection.3.3.1}{\376\377\000A\000c\000t\000i\000o\000n\000\040\000s\000t\000e\000p\000s}{subsection.3.3}% 16
\BOOKMARK [1][-]{section.4}{\376\377\000S\000E\000R\000I\000O\000U\000S\000\040\000I\000s\000s\000u\000e\000s}{}% 17
\BOOKMARK [2][-]{subsection.4.1}{\376\377\000S\000E\000R\000I\000O\000U\000S\000\040\000[\000S\000R\0001\000]\000\040\000T\000h\000e\000\040\000s\000y\000m\000m\000e\000t\000r\000y\000\040\000g\000r\000o\000u\000p\000\040\000o\000f\000\040\000t\000h\000e\000\040\000t\000r\000i\000a\000n\000g\000l\000e\000\040\000L\000a\000g\000r\000a\000n\000g\000i\000a\000n\000\040\000n\000o\000t\000\040\000e\000s\000t\000a\000b\000l\000i\000s\000h\000e\000d}{section.4}% 18
\BOOKMARK [3][-]{subsubsection.4.1.1}{\376\377\000A\000c\000t\000i\000o\000n\000\040\000s\000t\000e\000p\000s}{subsection.4.1}% 19
\BOOKMARK [2][-]{subsection.4.2}{\376\377\000S\000E\000R\000I\000O\000U\000S\000\040\000[\000S\000R\0002\000]\000\040\000T\000h\000e\000\040\000p\000i\000o\000n\000\040\000i\000s\000\040\000a\000b\000s\000e\000n\000t\000\040\000f\000r\000o\000m\000\040\000t\000h\000e\000\040\000h\000a\000d\000r\000o\000n\000\040\000s\000p\000e\000c\000t\000r\000u\000m}{section.4}% 20
\BOOKMARK [3][-]{subsubsection.4.2.1}{\376\377\000A\000c\000t\000i\000o\000n\000\040\000s\000t\000e\000p\000s}{subsection.4.2}% 21
\BOOKMARK [2][-]{subsection.4.3}{\376\377\000S\000E\000R\000I\000O\000U\000S\000\040\000[\000S\000R\0003\000]\000\040\000T\000h\000e\000\040\000p\000r\000o\000b\000l\000e\000m\000\040\000o\000f\000\040\000t\000i\000m\000e\000\040\000i\000s\000\040\000u\000n\000a\000d\000d\000r\000e\000s\000s\000e\000d}{section.4}% 22
\BOOKMARK [3][-]{subsubsection.4.3.1}{\376\377\000A\000c\000t\000i\000o\000n\000\040\000s\000t\000e\000p\000s}{subsection.4.3}% 23
\BOOKMARK [2][-]{subsection.4.4}{\376\377\000S\000E\000R\000I\000O\000U\000S\000\040\000[\000S\000R\0004\000]\000\040\000T\000h\000e\000\040\000H\000a\000m\000i\000l\000t\000o\000n\000i\000a\000n\000\040\000f\000l\000o\000o\000r\000\040\000c\000o\000n\000d\000i\000t\000i\000o\000n\000\040\000i\000s\000\040\000u\000n\000d\000e\000r\000i\000v\000e\000d}{section.4}% 24
\BOOKMARK [3][-]{subsubsection.4.4.1}{\376\377\000A\000c\000t\000i\000o\000n\000\040\000s\000t\000e\000p\000s}{subsection.4.4}% 25
\BOOKMARK [1][-]{section.5}{\376\377\000M\000O\000D\000E\000R\000A\000T\000E\000\040\000I\000s\000s\000u\000e\000s}{}% 26
\BOOKMARK [2][-]{subsection.5.1}{\376\377\000M\000O\000D\000E\000R\000A\000T\000E\000\040\000[\000M\0001\000]\000\040\000T\000h\000e\000\040\000L\000Q\000G\000\040\000m\000i\000n\000i\000m\000u\000m\000\040\000a\000r\000e\000a\000\040\000d\000i\000s\000c\000r\000e\000p\000a\000n\000c\000y\000\040\000h\000a\000s\000\040\000n\000o\000\040\000r\000e\000s\000o\000l\000u\000t\000i\000o\000n}{section.5}% 27
\BOOKMARK [3][-]{subsubsection.5.1.1}{\376\377\000A\000c\000t\000i\000o\000n\000\040\000s\000t\000e\000p\000s}{subsection.5.1}% 28
\BOOKMARK [2][-]{subsection.5.2}{\376\377\000M\000O\000D\000E\000R\000A\000T\000E\000\040\000[\000M\0002\000]\000\040\000M\000e\000t\000r\000i\000c\000\040\000i\000d\000e\000n\000t\000i\000f\000i\000c\000a\000t\000i\000o\000n\000\040\000h\000\137\000i\000j\000\040\000\050\000L\000\136\000\173\000-\0001\000\175\000\051\000\040\000\050\000L\000\050\000L\000\136\000\173\000-\0001\000\175\000\051\000\051\000\137\000i\000j\000\040\000n\000o\000t\000\040\000j\000u\000s\000t\000i\000f\000i\000e\000d}{section.5}% 29
\BOOKMARK [3][-]{subsubsection.5.2.1}{\376\377\000A\000c\000t\000i\000o\000n\000\040\000s\000t\000e\000p\000s}{subsection.5.2}% 30
\BOOKMARK [2][-]{subsection.5.3}{\376\377\000M\000O\000D\000E\000R\000A\000T\000E\000\040\000[\000M\0003\000]\000\040\000B\000a\000r\000b\000e\000r\000o\000-\000I\000m\000m\000i\000r\000z\000i\000\040\000d\000e\000r\000i\000v\000a\000t\000i\000o\000n\000\040\000r\000e\000m\000a\000i\000n\000s\000\040\000t\000h\000e\000\040\000s\000i\000n\000g\000l\000e\000\040\000m\000o\000s\000t\000\040\000v\000a\000l\000u\000a\000b\000l\000e\000\040\000c\000a\000l\000c\000u\000l\000a\000t\000i\000o\000n}{section.5}% 31
\BOOKMARK [3][-]{subsubsection.5.3.1}{\376\377\000A\000c\000t\000i\000o\000n\000\040\000s\000t\000e\000p\000s}{subsection.5.3}% 32
\BOOKMARK [1][-]{section.6}{\376\377\000P\000r\000i\000o\000r\000i\000t\000y\000\040\000O\000r\000d\000e\000r\000\040\000f\000o\000r\000\040\000N\000e\000x\000t\000\040\000W\000o\000r\000k\000i\000n\000g\000\040\000S\000e\000s\000s\000i\000o\000n}{}% 33
\BOOKMARK [1][-]{section.7}{\376\377\000W\000h\000a\000t\000\040\000D\000o\000e\000s\000\040\000N\000o\000t\000\040\000N\000e\000e\000d\000\040\000F\000i\000x\000i\000n\000g}{}% 34
